ERROR - 2026-05-08 13:25:49 --> Error connecting to the database: mysqli_sql_exception: No such file or directory in /home/rakotoarivelo/SI/Projet/system/Database/MySQLi/Connection.php:201
Stack trace:
#0 /home/rakotoarivelo/SI/Projet/system/Database/MySQLi/Connection.php(201): mysqli->real_connect()
#1 /home/rakotoarivelo/SI/Projet/system/Database/BaseConnection.php(555): CodeIgniter\Database\MySQLi\Connection->connect()
#2 /home/rakotoarivelo/SI/Projet/system/Database/BaseConnection.php(795): CodeIgniter\Database\BaseConnection->initialize()
#3 /home/rakotoarivelo/SI/Projet/system/Database/BaseBuilder.php(1649): CodeIgniter\Database\BaseConnection->query()
#4 /home/rakotoarivelo/SI/Projet/system/Validation/Rules.php(175): CodeIgniter\Database\BaseBuilder->get()
#5 /home/rakotoarivelo/SI/Projet/system/Validation/StrictRules/Rules.php(187): CodeIgniter\Validation\Rules->is_unique()
#6 /home/rakotoarivelo/SI/Projet/system/Validation/Validation.php(345): CodeIgniter\Validation\StrictRules\Rules->is_unique()
#7 /home/rakotoarivelo/SI/Projet/system/Validation/Validation.php(210): CodeIgniter\Validation\Validation->processRules()
#8 /home/rakotoarivelo/SI/Projet/system/Controller.php(136): CodeIgniter\Validation\Validation->run()
#9 /home/rakotoarivelo/SI/Projet/app/Controllers/Auth.php(66): CodeIgniter\Controller->validate()
#10 /home/rakotoarivelo/SI/Projet/system/CodeIgniter.php(951): App\Controllers\Auth->register()
#11 /home/rakotoarivelo/SI/Projet/system/CodeIgniter.php(497): CodeIgniter\CodeIgniter->runController()
#12 /home/rakotoarivelo/SI/Projet/system/CodeIgniter.php(340): CodeIgniter\CodeIgniter->handleRequest()
#13 /home/rakotoarivelo/SI/Projet/system/Boot.php(417): CodeIgniter\CodeIgniter->run()
#14 /home/rakotoarivelo/SI/Projet/system/Boot.php(68): CodeIgniter\Boot::runCodeIgniter()
#15 /home/rakotoarivelo/SI/Projet/public/index.php(59): CodeIgniter\Boot::bootWeb()
#16 {main}

Next CodeIgniter\Database\Exceptions\DatabaseException: No such file or directory in /home/rakotoarivelo/SI/Projet/system/Database/MySQLi/Connection.php:231
Stack trace:
#0 /home/rakotoarivelo/SI/Projet/system/Database/BaseConnection.php(555): CodeIgniter\Database\MySQLi\Connection->connect()
#1 /home/rakotoarivelo/SI/Projet/system/Database/BaseConnection.php(795): CodeIgniter\Database\BaseConnection->initialize()
#2 /home/rakotoarivelo/SI/Projet/system/Database/BaseBuilder.php(1649): CodeIgniter\Database\BaseConnection->query()
#3 /home/rakotoarivelo/SI/Projet/system/Validation/Rules.php(175): CodeIgniter\Database\BaseBuilder->get()
#4 /home/rakotoarivelo/SI/Projet/system/Validation/StrictRules/Rules.php(187): CodeIgniter\Validation\Rules->is_unique()
#5 /home/rakotoarivelo/SI/Projet/system/Validation/Validation.php(345): CodeIgniter\Validation\StrictRules\Rules->is_unique()
#6 /home/rakotoarivelo/SI/Projet/system/Validation/Validation.php(210): CodeIgniter\Validation\Validation->processRules()
#7 /home/rakotoarivelo/SI/Projet/system/Controller.php(136): CodeIgniter\Validation\Validation->run()
#8 /home/rakotoarivelo/SI/Projet/app/Controllers/Auth.php(66): CodeIgniter\Controller->validate()
#9 /home/rakotoarivelo/SI/Projet/system/CodeIgniter.php(951): App\Controllers\Auth->register()
#10 /home/rakotoarivelo/SI/Projet/system/CodeIgniter.php(497): CodeIgniter\CodeIgniter->runController()
#11 /home/rakotoarivelo/SI/Projet/system/CodeIgniter.php(340): CodeIgniter\CodeIgniter->handleRequest()
#12 /home/rakotoarivelo/SI/Projet/system/Boot.php(417): CodeIgniter\CodeIgniter->run()
#13 /home/rakotoarivelo/SI/Projet/system/Boot.php(68): CodeIgniter\Boot::runCodeIgniter()
#14 /home/rakotoarivelo/SI/Projet/public/index.php(59): CodeIgniter\Boot::bootWeb()
#15 {main}
CRITICAL - 2026-05-08 13:25:49 --> CodeIgniter\Database\Exceptions\DatabaseException: Unable to connect to the database.
Main connection [MySQLi]: No such file or directory
[Method: POST, Route: inscription]
in SYSTEMPATH/Database/BaseConnection.php on line 606.
 1 SYSTEMPATH/Database/BaseConnection.php(795): CodeIgniter\Database\BaseConnection->initialize()
 2 SYSTEMPATH/Database/BaseBuilder.php(1649): CodeIgniter\Database\BaseConnection->query()
 3 SYSTEMPATH/Validation/Rules.php(175): CodeIgniter\Database\BaseBuilder->get()
 4 SYSTEMPATH/Validation/StrictRules/Rules.php(187): CodeIgniter\Validation\Rules->is_unique()
 5 SYSTEMPATH/Validation/Validation.php(345): CodeIgniter\Validation\StrictRules\Rules->is_unique()
 6 SYSTEMPATH/Validation/Validation.php(210): CodeIgniter\Validation\Validation->processRules()
 7 SYSTEMPATH/Controller.php(136): CodeIgniter\Validation\Validation->run()
 8 APPPATH/Controllers/Auth.php(66): CodeIgniter\Controller->validate()
 9 SYSTEMPATH/CodeIgniter.php(951): App\Controllers\Auth->register()
10 SYSTEMPATH/CodeIgniter.php(497): CodeIgniter\CodeIgniter->runController()
11 SYSTEMPATH/CodeIgniter.php(340): CodeIgniter\CodeIgniter->handleRequest()
12 SYSTEMPATH/Boot.php(417): CodeIgniter\CodeIgniter->run()
13 SYSTEMPATH/Boot.php(68): CodeIgniter\Boot::runCodeIgniter()
14 FCPATH/index.php(59): CodeIgniter\Boot::bootWeb()
CRITICAL - 2026-05-08 13:40:50 --> TypeError: App\Controllers\Auth::showLogin(): Return value must be of type string, CodeIgniter\HTTP\RedirectResponse returned
[Method: GET, Route: login]
in APPPATH/Controllers/Auth.php on line 15.
 1 SYSTEMPATH/CodeIgniter.php(951): App\Controllers\Auth->showLogin()
 2 SYSTEMPATH/CodeIgniter.php(497): CodeIgniter\CodeIgniter->runController()
 3 SYSTEMPATH/CodeIgniter.php(340): CodeIgniter\CodeIgniter->handleRequest()
 4 SYSTEMPATH/Boot.php(417): CodeIgniter\CodeIgniter->run()
 5 SYSTEMPATH/Boot.php(68): CodeIgniter\Boot::runCodeIgniter()
 6 FCPATH/index.php(59): CodeIgniter\Boot::bootWeb()
CRITICAL - 2026-05-08 13:40:57 --> TypeError: App\Controllers\Auth::showLogin(): Return value must be of type string, CodeIgniter\HTTP\RedirectResponse returned
[Method: GET, Route: login]
in APPPATH/Controllers/Auth.php on line 15.
 1 SYSTEMPATH/CodeIgniter.php(951): App\Controllers\Auth->showLogin()
 2 SYSTEMPATH/CodeIgniter.php(497): CodeIgniter\CodeIgniter->runController()
 3 SYSTEMPATH/CodeIgniter.php(340): CodeIgniter\CodeIgniter->handleRequest()
 4 SYSTEMPATH/Boot.php(417): CodeIgniter\CodeIgniter->run()
 5 SYSTEMPATH/Boot.php(68): CodeIgniter\Boot::runCodeIgniter()
 6 FCPATH/index.php(59): CodeIgniter\Boot::bootWeb()
CRITICAL - 2026-05-08 13:41:01 --> TypeError: App\Controllers\Auth::showLogin(): Return value must be of type string, CodeIgniter\HTTP\RedirectResponse returned
[Method: GET, Route: login]
in APPPATH/Controllers/Auth.php on line 15.
 1 SYSTEMPATH/CodeIgniter.php(951): App\Controllers\Auth->showLogin()
 2 SYSTEMPATH/CodeIgniter.php(497): CodeIgniter\CodeIgniter->runController()
 3 SYSTEMPATH/CodeIgniter.php(340): CodeIgniter\CodeIgniter->handleRequest()
 4 SYSTEMPATH/Boot.php(417): CodeIgniter\CodeIgniter->run()
 5 SYSTEMPATH/Boot.php(68): CodeIgniter\Boot::runCodeIgniter()
 6 FCPATH/index.php(59): CodeIgniter\Boot::bootWeb()
CRITICAL - 2026-05-08 13:41:40 --> TypeError: App\Controllers\Auth::showLogin(): Return value must be of type string, CodeIgniter\HTTP\RedirectResponse returned
[Method: GET, Route: /]
in APPPATH/Controllers/Auth.php on line 15.
 1 SYSTEMPATH/CodeIgniter.php(951): App\Controllers\Auth->showLogin()
 2 SYSTEMPATH/CodeIgniter.php(497): CodeIgniter\CodeIgniter->runController()
 3 SYSTEMPATH/CodeIgniter.php(340): CodeIgniter\CodeIgniter->handleRequest()
 4 SYSTEMPATH/Boot.php(417): CodeIgniter\CodeIgniter->run()
 5 SYSTEMPATH/Boot.php(68): CodeIgniter\Boot::runCodeIgniter()
 6 FCPATH/index.php(59): CodeIgniter\Boot::bootWeb()
CRITICAL - 2026-05-08 13:41:41 --> TypeError: App\Controllers\Auth::showLogin(): Return value must be of type string, CodeIgniter\HTTP\RedirectResponse returned
[Method: GET, Route: /]
in APPPATH/Controllers/Auth.php on line 15.
 1 SYSTEMPATH/CodeIgniter.php(951): App\Controllers\Auth->showLogin()
 2 SYSTEMPATH/CodeIgniter.php(497): CodeIgniter\CodeIgniter->runController()
 3 SYSTEMPATH/CodeIgniter.php(340): CodeIgniter\CodeIgniter->handleRequest()
 4 SYSTEMPATH/Boot.php(417): CodeIgniter\CodeIgniter->run()
 5 SYSTEMPATH/Boot.php(68): CodeIgniter\Boot::runCodeIgniter()
 6 FCPATH/index.php(59): CodeIgniter\Boot::bootWeb()
